// Jest Snapshot v1, https://goo.gl/fbAQLP

exports[`renders correctly 1`] = `
<View
  accessibilityIgnoresInvertColors={true}
  style={
    {
      "alignItems": "center",
      "backgroundColor": "#fff",
      "flex": 1,
      "justifyContent": "center",
    }
  }
>
  <Image
    source={
      {
        "testUri": "../../../assets/braga2.jpeg",
      }
    }
    style={
      [
        {
          "bottom": 0,
          "left": 0,
          "position": "absolute",
          "right": 0,
          "top": 0,
        },
        {
          "height": undefined,
          "width": undefined,
        },
        undefined,
      ]
    }
  />
  <TextInput
    onChangeText={[Function]}
    placeholder="Username"
    style={
      {
        "backgroundColor": "rgba(255,255,255,0.8)",
        "borderColor": "gray",
        "borderWidth": 1,
        "height": 40,
        "marginBottom": 10,
        "padding": 10,
        "width": "80%",
      }
    }
    value=""
  />
  <TextInput
    onChangeText={[Function]}
    placeholder="Password"
    secureTextEntry={true}
    style={
      {
        "backgroundColor": "rgba(255,255,255,0.8)",
        "borderColor": "gray",
        "borderWidth": 1,
        "height": 40,
        "marginBottom": 10,
        "padding": 10,
        "width": "80%",
      }
    }
    value=""
  />
  <View
    accessibilityRole="button"
    accessibilityState={
      {
        "busy": undefined,
        "checked": undefined,
        "disabled": undefined,
        "expanded": undefined,
        "selected": undefined,
      }
    }
    accessibilityValue={
      {
        "max": undefined,
        "min": undefined,
        "now": undefined,
        "text": undefined,
      }
    }
    accessible={true}
    collapsable={false}
    focusable={true}
    onClick={[Function]}
    onResponderGrant={[Function]}
    onResponderMove={[Function]}
    onResponderRelease={[Function]}
    onResponderTerminate={[Function]}
    onResponderTerminationRequest={[Function]}
    onStartShouldSetResponder={[Function]}
    style={
      {
        "opacity": 1,
      }
    }
  >
    <View
      style={
        [
          {},
        ]
      }
    >
      <Text
        style={
          [
            {
              "color": "#007AFF",
              "fontSize": 18,
              "margin": 8,
              "textAlign": "center",
            },
          ]
        }
      >
        Login
      </Text>
    </View>
  </View>
</View>
`;
